{
  "exclude": {
    "files": "^.secrets.baseline$",
    "lines": null
  },
  "generated_at": "2024-01-12T22:21:08Z",
  "plugins_used": [
    {
      "name": "AWSKeyDetector"
    },
    {
      "name": "ArtifactoryDetector"
    },
    {
      "name": "AzureStorageKeyDetector"
    },
    {
      "base64_limit": 4.5,
      "name": "Base64HighEntropyString"
    },
    {
      "name": "BasicAuthDetector"
    },
    {
      "name": "BoxDetector"
    },
    {
      "name": "CloudantDetector"
    },
    {
      "ghe_instance": "github.ibm.com",
      "name": "GheDetector"
    },
    {
      "name": "GitHubTokenDetector"
    },
    {
      "hex_limit": 3,
      "name": "HexHighEntropyString"
    },
    {
      "name": "IbmCloudIamDetector"
    },
    {
      "name": "IbmCosHmacDetector"
    },
    {
      "name": "JwtTokenDetector"
    },
    {
      "keyword_exclude": null,
      "name": "KeywordDetector"
    },
    {
      "name": "MailchimpDetector"
    },
    {
      "name": "NpmDetector"
    },
    {
      "name": "PrivateKeyDetector"
    },
    {
      "name": "SlackDetector"
    },
    {
      "name": "SoftlayerDetector"
    },
    {
      "name": "SquareOAuthDetector"
    },
    {
      "name": "StripeDetector"
    },
    {
      "name": "TwilioKeyDetector"
    }
  ],
  "results": {
    "material/templates/assets/javascripts/bundle.8b606f3b.min.js.map": [
      {
        "hashed_secret": "b0ca7bb786f8ffe658442304bc6c91d70bec7788",
        "is_secret": false,
        "is_verified": false,
        "line_number": 4,
        "type": "Secret Keyword",
        "verified_result": null
      }
    ],
    "poetry.lock": [
      {
        "hashed_secret": "75fec784b0a25370af46709d9e1eaaba5f0b8373",
        "is_secret": false,
        "is_verified": false,
        "line_number": 808,
        "type": "Hex High Entropy String",
        "verified_result": null
      }
    ],
    "poetry.lock.old": [
      {
        "hashed_secret": "a0d1e0cced0f1ac14ed1124e92c3b32d0948becd",
        "is_secret": false,
        "is_verified": false,
        "line_number": 763,
        "type": "Hex High Entropy String",
        "verified_result": null
      }
    ]
  },
  "version": "0.13.1+ibm.61.dss",
  "word_list": {
    "file": null,
    "hash": null
  }
}
